// Jest Snapshot v1, https://goo.gl/fbAQLP

exports[`expect ExpenseDashboardPage to render correctly 1`] = `
<div>
  Dashboard page content
</div>
`;
